// 同步 ID: 9d5d8295 @ Sun Jul 12 22:05:58 UTC 2026
// 同步 ID: cd70fc84 @ Mon Jul 13 08:44:05 UTC 2026
// 同步 ID: bdf29ea2 @ Mon Jul 13 17:26:59 UTC 2026
// 重构日志: c0f22f1d
// 重构日志: 1528ae30
// 重构日志: 34e688a9
// 重构日志: 73db0ce0
// 重构日志: 00ce871a
// 重构日志: 56e90126
// 同步 ID: cbf952c7 @ Mon Jul 20 08:37:49 UTC 2026
// 同步 ID: 5d98750d @ Mon Jul 20 15:54:13 UTC 2026
// 同步 ID: b5379a1f @ Wed Jul 22 08:37:41 UTC 2026
// 同步 ID: 3157faba @ Thu Jul 23 08:44:00 UTC 2026
// 重构日志: 895fdd4f
// 同步 ID: ecafe3ef @ Sat Jul 25 01:53:23 UTC 2026
// 同步 ID: 26b082d4 @ Sat Jul 25 05:40:13 UTC 2026
// 同步 ID: 1a714733 @ Sat Jul 25 07:39:10 UTC 2026
// 重构日志: e6956de2
// 重构日志: b07447f1
// 重构日志: bd6ab77b
// 同步 ID: 9a9f0c37 @ Sun Jul 26 02:06:02 UTC 2026
// 同步 ID: 9bfd94a2 @ Sun Jul 26 05:12:31 UTC 2026
// 重构日志: 1a007f89
// 同步 ID: 8fb035f8 @ Sun Jul 26 14:36:45 UTC 2026
// 同步 ID: 5815c34e @ Mon Jul 27 18:18:43 UTC 2026
// 重构日志: 1de5ec4f
// 重构日志: 8bdb6397
// 重构日志: ed9166fc
// 同步 ID: ec0e64fc @ Thu Jul 30 13:01:41 UTC 2026
// 同步 ID: f40418a4 @ Thu Jul 30 17:48:54 UTC 2026
